// Jest Snapshot v1, https://goo.gl/fbAQLP

exports[`Pruebas en el componente JournalEntry.js Debe mostrarse correctametne 1`] = `
<div
  className="journal__entry pointer animate__animated animate__slideInLeft animate__faster"
  onClick={[Function]}
>
  <div
    className="journal__entry-picture"
    style={
      Object {
        "backgroundImage": "url(testUrl)",
        "backgroundSize": "cover",
      }
    }
  />
  <div
    className="journal__entry-body"
  >
    <p
      className="journal__entry-title"
    >
      testTitle
    </p>
    <p
      className="journal__entry-content"
    >
      testBody
    </p>
  </div>
  <div
    className="journal__entry-date-box"
  >
    <span>
       
      Thursday
       
    </span>
    <h4>
      1st
    </h4>
  </div>
</div>
`;
